Command line invocation:
    /Applications/Xcode.app/Contents/Developer/usr/bin/xcodebuild -project SimpleRecorder.xcodeproj -scheme SimpleRecorder -configuration Release -derivedDataPath build/DerivedData SYMROOT=build CODE_SIGNING_ALLOWED=NO CODE_SIGNING_REQUIRED=NO CODE_SIGN_IDENTITY= build

Build settings from command line:
    CODE_SIGN_IDENTITY = 
    CODE_SIGNING_ALLOWED = NO
    CODE_SIGNING_REQUIRED = NO
    SYMROOT = build

2026-01-24 22:55:24.227 xcodebuild[19412:431491] [MT] IDERunDestination: Supported platforms for the buildables in the current scheme is empty.
--- xcodebuild: WARNING: Using the first of multiple matching destinations:
{ platform:macOS, arch:arm64, id:00006000-000204192229801E, name:My Mac }
{ platform:macOS, arch:x86_64, id:00006000-000204192229801E, name:My Mac }
{ platform:macOS, name:Any Mac }
note: Using codesigning identity override: 
ComputePackagePrebuildTargetDependencyGraph

Prepare packages

CreateBuildRequest

SendProjectDescription

CreateBuildOperation

ComputeTargetDependencyGraph
note: Building targets in dependency order
note: Target dependency graph (1 target)
    Target 'SimpleRecorder' in project 'SimpleRecorder' (no dependencies)

GatherProvisioningInputs

CreateBuildDescription

ExecuteExternalTool /Applications/Xcode.app/Contents/Developer/Toolchains/XcodeDefault.xctoolchain/usr/bin/clang -v -E -dM -isysroot /Applications/Xcode.app/Contents/Developer/Platforms/MacOSX.platform/Developer/SDKs/MacOSX26.2.sdk -x c -c /dev/null

ExecuteExternalTool /Applications/Xcode.app/Contents/Developer/usr/bin/actool --version --output-format xml1

ExecuteExternalTool /Applications/Xcode.app/Contents/Developer/Toolchains/XcodeDefault.xctoolchain/usr/bin/swiftc --version

ExecuteExternalTool /Applications/Xcode.app/Contents/Developer/Toolchains/XcodeDefault.xctoolchain/usr/bin/ld -version_details

Build description signature: 895dec8d400916cf0cc6af4ee99dc894
Build description path: /Users/baozheng/代码文件/MAC 端录音软件/build/DerivedData/Build/Intermediates.noindex/XCBuildData/895dec8d400916cf0cc6af4ee99dc894.xcbuilddata
ClangStatCache /Applications/Xcode.app/Contents/Developer/Toolchains/XcodeDefault.xctoolchain/usr/bin/clang-stat-cache /Applications/Xcode.app/Contents/Developer/Platforms/MacOSX.platform/Developer/SDKs/MacOSX26.2.sdk /Users/baozheng/代码文件/MAC\ 端录音软件/build/DerivedData/SDKStatCaches.noindex/macosx26.2-25C57-00fa09913b459cbbc988d1f6730289ae.sdkstatcache
    cd /Users/baozheng/代码文件/MAC\ 端录音软件/SimpleRecorder.xcodeproj
    /Applications/Xcode.app/Contents/Developer/Toolchains/XcodeDefault.xctoolchain/usr/bin/clang-stat-cache /Applications/Xcode.app/Contents/Developer/Platforms/MacOSX.platform/Developer/SDKs/MacOSX26.2.sdk -o /Users/baozheng/代码文件/MAC\ 端录音软件/build/DerivedData/SDKStatCaches.noindex/macosx26.2-25C57-00fa09913b459cbbc988d1f6730289ae.sdkstatcache

ProcessInfoPlistFile /Users/baozheng/代码文件/MAC\ 端录音软件/build/Release/SimpleRecorder.app/Contents/Info.plist /Users/baozheng/代码文件/MAC\ 端录音软件/SimpleRecorder/Info.plist (in target 'SimpleRecorder' from project 'SimpleRecorder')
    cd /Users/baozheng/代码文件/MAC\ 端录音软件
    builtin-infoPlistUtility /Users/baozheng/代码文件/MAC\ 端录音软件/SimpleRecorder/Info.plist -producttype com.apple.product-type.application -genpkginfo /Users/baozheng/代码文件/MAC\ 端录音软件/build/Release/SimpleRecorder.app/Contents/PkgInfo -expandbuildsettings -platform macosx -additionalcontentfile /Users/baozheng/代码文件/MAC\ 端录音软件/build/DerivedData/Build/Intermediates.noindex/SimpleRecorder.build/Release/SimpleRecorder.build/assetcatalog_generated_info.plist -o /Users/baozheng/代码文件/MAC\ 端录音软件/build/Release/SimpleRecorder.app/Contents/Info.plist

SwiftDriver SimpleRecorder normal arm64 com.apple.xcode.tools.swift.compiler (in target 'SimpleRecorder' from project 'SimpleRecorder')
    cd /Users/baozheng/代码文件/MAC\ 端录音软件
    builtin-SwiftDriver -- /Applications/Xcode.app/Contents/Developer/Toolchains/XcodeDefault.xctoolchain/usr/bin/swiftc -module-name SimpleRecorder -O -whole-module-optimization -enforce-exclusivity\=checked @/Users/baozheng/代码文件/MAC\ 端录音软件/build/DerivedData/Build/Intermediates.noindex/SimpleRecorder.build/Release/SimpleRecorder.build/Objects-normal/arm64/SimpleRecorder.SwiftFileList -enable-bare-slash-regex -enable-experimental-feature DebugDescriptionMacro -sdk /Applications/Xcode.app/Contents/Developer/Platforms/MacOSX.platform/Developer/SDKs/MacOSX26.2.sdk -target arm64-apple-macos13.0 -g -module-cache-path /Users/baozheng/代码文件/MAC\ 端录音软件/build/DerivedData/ModuleCache.noindex -Xfrontend -serialize-debugging-options -swift-version 5 -I /Users/baozheng/代码文件/MAC\ 端录音软件/build/Release -I /Users/baozheng/代码文件/MAC\ 端录音软件/SimpleRecorder/ThirdParty/lame -F /Users/baozheng/代码文件/MAC\ 端录音软件/build/Release -emit-localized-strings -emit-localized-strings-path /Users/baozheng/代码文件/MAC\ 端录音软件/build/DerivedData/Build/Intermediates.noindex/SimpleRecorder.build/Release/SimpleRecorder.build/Objects-normal/arm64 -c -num-threads 8 -Xcc -ivfsstatcache -Xcc /Users/baozheng/代码文件/MAC\ 端录音软件/build/DerivedData/SDKStatCaches.noindex/macosx26.2-25C57-00fa09913b459cbbc988d1f6730289ae.sdkstatcache -output-file-map /Users/baozheng/代码文件/MAC\ 端录音软件/build/DerivedData/Build/Intermediates.noindex/SimpleRecorder.build/Release/SimpleRecorder.build/Objects-normal/arm64/SimpleRecorder-OutputFileMap.json -use-frontend-parseable-output -save-temps -no-color-diagnostics -explicit-module-build -module-cache-path /Users/baozheng/代码文件/MAC\ 端录音软件/build/DerivedData/Build/Intermediates.noindex/SwiftExplicitPrecompiledModules -clang-scanner-module-cache-path /Users/baozheng/代码文件/MAC\ 端录音软件/build/DerivedData/ModuleCache.noindex -sdk-module-cache-path /Users/baozheng/代码文件/MAC\ 端录音软件/build/DerivedData/ModuleCache.noindex -serialize-diagnostics -emit-dependencies -emit-module -emit-module-path /Users/baozheng/代码文件/MAC\ 端录音软件/build/DerivedData/Build/Intermediates.noindex/SimpleRecorder.build/Release/SimpleRecorder.build/Objects-normal/arm64/SimpleRecorder.swiftmodule -validate-clang-modules-once -clang-build-session-file /Users/baozheng/代码文件/MAC\ 端录音软件/build/DerivedData/ModuleCache.noindex/Session.modulevalidation -Xcc -I/Users/baozheng/代码文件/MAC\ 端录音软件/build/DerivedData/Build/Intermediates.noindex/SimpleRecorder.build/Release/SimpleRecorder.build/swift-overrides.hmap -emit-const-values -Xfrontend -const-gather-protocols-file -Xfrontend /Users/baozheng/代码文件/MAC\ 端录音软件/build/DerivedData/Build/Intermediates.noindex/SimpleRecorder.build/Release/SimpleRecorder.build/Objects-normal/arm64/SimpleRecorder_const_extract_protocols.json -Xcc -iquote -Xcc /Users/baozheng/代码文件/MAC\ 端录音软件/build/DerivedData/Build/Intermediates.noindex/SimpleRecorder.build/Release/SimpleRecorder.build/SimpleRecorder-generated-files.hmap -Xcc -I/Users/baozheng/代码文件/MAC\ 端录音软件/build/DerivedData/Build/Intermediates.noindex/SimpleRecorder.build/Release/SimpleRecorder.build/SimpleRecorder-own-target-headers.hmap -Xcc -I/Users/baozheng/代码文件/MAC\ 端录音软件/build/DerivedData/Build/Intermediates.noindex/SimpleRecorder.build/Release/SimpleRecorder.build/SimpleRecorder-all-target-headers.hmap -Xcc -iquote -Xcc /Users/baozheng/代码文件/MAC\ 端录音软件/build/DerivedData/Build/Intermediates.noindex/SimpleRecorder.build/Release/SimpleRecorder.build/SimpleRecorder-project-headers.hmap -Xcc -I/Users/baozheng/代码文件/MAC\ 端录音软件/build/Release/include -Xcc -I/Users/baozheng/代码文件/MAC\ 端录音软件/SimpleRecorder/ThirdParty/lame -Xcc -I/Users/baozheng/代码文件/MAC\ 端录音软件/build/DerivedData/Build/Intermediates.noindex/SimpleRecorder.build/Release/SimpleRecorder.build/DerivedSources-normal/arm64 -Xcc -I/Users/baozheng/代码文件/MAC\ 端录音软件/build/DerivedData/Build/Intermediates.noindex/SimpleRecorder.build/Release/SimpleRecorder.build/DerivedSources/arm64 -Xcc -I/Users/baozheng/代码文件/MAC\ 端录音软件/build/DerivedData/Build/Intermediates.noindex/SimpleRecorder.build/Release/SimpleRecorder.build/DerivedSources -emit-objc-header -emit-objc-header-path /Users/baozheng/代码文件/MAC\ 端录音软件/build/DerivedData/Build/Intermediates.noindex/SimpleRecorder.build/Release/SimpleRecorder.build/Objects-normal/arm64/SimpleRecorder-Swift.h -working-directory /Users/baozheng/代码文件/MAC\ 端录音软件 -no-emit-module-separately-wmo

SwiftCompile normal arm64 Compiling\ SimpleRecorderApp.swift,\ AudioRecorderManager.swift,\ HotKeyManager.swift,\ LogManager.swift,\ AppSettings.swift,\ LameEncoder.swift,\ MainWindowView.swift,\ TimerTask.swift,\ TimerTaskManager.swift,\ ReminderWindowController.swift,\ TimerTaskViews.swift,\ GeneratedAssetSymbols.swift /Users/baozheng/代码文件/MAC\ 端录音软件/SimpleRecorder/SimpleRecorderApp.swift /Users/baozheng/代码文件/MAC\ 端录音软件/SimpleRecorder/Managers/AudioRecorderManager.swift /Users/baozheng/代码文件/MAC\ 端录音软件/SimpleRecorder/Managers/HotKeyManager.swift /Users/baozheng/代码文件/MAC\ 端录音软件/SimpleRecorder/Managers/LogManager.swift /Users/baozheng/代码文件/MAC\ 端录音软件/SimpleRecorder/Models/AppSettings.swift /Users/baozheng/代码文件/MAC\ 端录音软件/SimpleRecorder/ThirdParty/LameEncoder.swift /Users/baozheng/代码文件/MAC\ 端录音软件/SimpleRecorder/Views/MainWindowView.swift /Users/baozheng/代码文件/MAC\ 端录音软件/SimpleRecorder/Models/TimerTask.swift /Users/baozheng/代码文件/MAC\ 端录音软件/SimpleRecorder/Managers/TimerTaskManager.swift /Users/baozheng/代码文件/MAC\ 端录音软件/SimpleRecorder/Views/ReminderWindowController.swift /Users/baozheng/代码文件/MAC\ 端录音软件/SimpleRecorder/Views/TimerTaskViews.swift /Users/baozheng/代码文件/MAC\ 端录音软件/build/DerivedData/Build/Intermediates.noindex/SimpleRecorder.build/Release/SimpleRecorder.build/DerivedSources/GeneratedAssetSymbols.swift /Applications/Xcode.app/Contents/Developer/Toolchains/XcodeDefault.xctoolchain/usr/lib/swift/macosx/prebuilt-modules/26.2/IOKit.swiftmodule/arm64e-apple-macos.swiftmodule /Applications/Xcode.app/Contents/Developer/Toolchains/XcodeDefault.xctoolchain/usr/lib/swift/macosx/prebuilt-modules/26.2/AVFAudio.swiftmodule/arm64e-apple-macos.swiftmodule /Applications/Xcode.app/Contents/Developer/Toolchains/XcodeDefault.xctoolchain/usr/lib/swift/macosx/prebuilt-modules/26.2/Swift.swiftmodule/arm64e-apple-macos.swiftmodule /Applications/Xcode.app/Contents/Developer/Toolchains/XcodeDefault.xctoolchain/usr/lib/swift/macosx/prebuilt-modules/26.2/AVFoundation.swiftmodule/arm64e-apple-macos.swiftmodule /Applications/Xcode.app/Contents/Developer/Toolchains/XcodeDefault.xctoolchain/usr/lib/swift/macosx/prebuilt-modules/26.2/CoreData.swiftmodule/arm64e-apple-macos.swiftmodule /Applications/Xcode.app/Contents/Developer/Toolchains/XcodeDefault.xctoolchain/usr/lib/swift/macosx/prebuilt-modules/26.2/DataDetection.swiftmodule/arm64e-apple-macos.swiftmodule /Applications/Xcode.app/Contents/Developer/Toolchains/XcodeDefault.xctoolchain/usr/lib/swift/macosx/prebuilt-modules/26.2/SwiftUI.swiftmodule/arm64e-apple-macos.swiftmodule /Applications/Xcode.app/Contents/Developer/Toolchains/XcodeDefault.xctoolchain/usr/lib/swift/macosx/prebuilt-modules/26.2/Darwin.swiftmodule/arm64e-apple-macos.swiftmodule /Applications/Xcode.app/Contents/Developer/Toolchains/XcodeDefault.xctoolchain/usr/lib/swift/macosx/prebuilt-modules/26.2/CoreFoundation.swiftmodule/arm64e-apple-macos.swiftmodule /Applications/Xcode.app/Contents/Developer/Toolchains/XcodeDefault.xctoolchain/usr/lib/swift/macosx/prebuilt-modules/26.2/Metal.swiftmodule/arm64e-apple-macos.swiftmodule /Applications/Xcode.app/Contents/Developer/Toolchains/XcodeDefault.xctoolchain/usr/lib/swift/macosx/prebuilt-modules/26.2/_DarwinFoundation3.swiftmodule/arm64e-apple-macos.swiftmodule /Applications/Xcode.app/Contents/Developer/Toolchains/XcodeDefault.xctoolchain/usr/lib/swift/macosx/prebuilt-modules/26.2/_Builtin_float.swiftmodule/arm64e-apple-macos.swiftmodule /Applications/Xcode.app/Contents/Developer/Toolchains/XcodeDefault.xctoolchain/usr/lib/swift/macosx/prebuilt-modules/26.2/QuartzCore.swiftmodule/arm64e-apple-macos.swiftmodule /Applications/Xcode.app/Contents/Developer/Toolchains/XcodeDefault.xctoolchain/usr/lib/swift/macosx/prebuilt-modules/26.2/CoreMedia.swiftmodule/arm64e-apple-macos.swiftmodule /Applications/Xcode.app/Contents/Developer/Toolchains/XcodeDefault.xctoolchain/usr/lib/swift/macosx/prebuilt-modules/26.2/ObjectiveC.swiftmodule/arm64e-apple-macos.swiftmodule /Applications/Xcode.app/Contents/Developer/Toolchains/XcodeDefault.xctoolchain/usr/lib/swift/macosx/prebuilt-modules/26.2/CoreImage.swiftmodule/arm64e-apple-macos.swiftmodule /Applications/Xcode.app/Contents/Developer/Toolchains/XcodeDefault.xctoolchain/usr/lib/swift/macosx/prebuilt-modules/26.2/CoreTransferable.swiftmodule/arm64e-apple-macos.swiftmodule /Applications/Xcode.app/Contents/Developer/Toolchains/XcodeDefault.xctoolchain/usr/lib/swift/macosx/prebuilt-modules/26.2/_StringProcessing.swiftmodule/arm64e-apple-macos.swiftmodule /Applications/Xcode.app/Contents/Developer/Toolchains/XcodeDefault.xctoolchain/usr/lib/swift/macosx/prebuilt-modules/26.2/System.swiftmodule/arm64e-apple-macos.swiftmodule /Applications/Xcode.app/Contents/Developer/Toolchains/XcodeDefault.xctoolchain/usr/lib/swift/macosx/prebuilt-modules/26.2/Dispatch.swiftmodule/arm64e-apple-macos.swiftmodule /Applications/Xcode.app/Contents/Developer/Toolchains/XcodeDefault.xctoolchain/usr/lib/swift/macosx/prebuilt-modules/26.2/Spatial.swiftmodule/arm64e-apple-macos.swiftmodule /Applications/Xcode.app/Contents/Developer/Toolchains/XcodeDefault.xctoolchain/usr/lib/swift/macosx/prebuilt-modules/26.2/Synchronization.swiftmodule/arm64e-apple-macos.swiftmodule /Applications/Xcode.app/Contents/Developer/Toolchains/XcodeDefault.xctoolchain/usr/lib/swift/macosx/prebuilt-modules/26.2/SwiftUICore.swiftmodule/arm64e-apple-macos.swiftmodule /Applications/Xcode.app/Contents/Developer/Toolchains/XcodeDefault.xctoolchain/usr/lib/swift/macosx/prebuilt-modules/26.2/CoreText.swiftmodule/arm64e-apple-macos.swiftmodule /Applications/Xcode.app/Contents/Developer/Toolchains/XcodeDefault.xctoolchain/usr/lib/swift/macosx/prebuilt-modules/26.2/XPC.swiftmodule/arm64e-apple-macos.swiftmodule /Applications/Xcode.app/Contents/Developer/Toolchains/XcodeDefault.xctoolchain/usr/lib/swift/macosx/prebuilt-modules/26.2/Accessibility.swiftmodule/arm64e-apple-macos.swiftmodule /Applications/Xcode.app/Contents/Developer/Toolchains/XcodeDefault.xctoolchain/usr/lib/swift/macosx/prebuilt-modules/26.2/Foundation.swiftmodule/arm64e-apple-macos.swiftmodule /Applications/Xcode.app/Contents/Developer/Toolchains/XcodeDefault.xctoolchain/usr/lib/swift/macosx/prebuilt-modules/26.2/AppKit.swiftmodule/arm64e-apple-macos.swiftmodule /Applications/Xcode.app/Contents/Developer/Toolchains/XcodeDefault.xctoolchain/usr/lib/swift/macosx/prebuilt-modules/26.2/Combine.swiftmodule/arm64e-apple-macos.swiftmodule /Applications/Xcode.app/Contents/Developer/Toolchains/XcodeDefault.xctoolchain/usr/lib/swift/macosx/prebuilt-modules/26.2/CoreMIDI.swiftmodule/arm64e-apple-macos.swiftmodule /Applications/Xcode.app/Contents/Developer/Toolchains/XcodeDefault.xctoolchain/usr/lib/swift/macosx/prebuilt-modules/26.2/os.swiftmodule/arm64e-apple-macos.swiftmodule /Applications/Xcode.app/Contents/Developer/Toolchains/XcodeDefault.xctoolchain/usr/lib/swift/macosx/prebuilt-modules/26.2/_Concurrency.swiftmodule/arm64e-apple-macos.swiftmodule /Applications/Xcode.app/Contents/Developer/Toolchains/XcodeDefault.xctoolchain/usr/lib/swift/macosx/prebuilt-modules/26.2/UniformTypeIdentifiers.swiftmodule/arm64e-apple-macos.swiftmodule /Applications/Xcode.app/Contents/Developer/Toolchains/XcodeDefault.xctoolchain/usr/lib/swift/macosx/prebuilt-modules/26.2/Symbols.swiftmodule/arm64e-apple-macos.swiftmodule /Applications/Xcode.app/Contents/Developer/Toolchains/XcodeDefault.xctoolchain/usr/lib/swift/macosx/prebuilt-modules/26.2/_DarwinFoundation2.swiftmodule/arm64e-apple-macos.swiftmodule /Applications/Xcode.app/Contents/Developer/Toolchains/XcodeDefault.xctoolchain/usr/lib/swift/macosx/prebuilt-modules/26.2/_DarwinFoundation1.swiftmodule/arm64e-apple-macos.swiftmodule /Applications/Xcode.app/Contents/Developer/Toolchains/XcodeDefault.xctoolchain/usr/lib/swift/macosx/prebuilt-modules/26.2/OSLog.swiftmodule/arm64e-apple-macos.swiftmodule /Applications/Xcode.app/Contents/Developer/Toolchains/XcodeDefault.xctoolchain/usr/lib/swift/macosx/prebuilt-modules/26.2/AudioToolbox.swiftmodule/arm64e-apple-macos.swiftmodule /Applications/Xcode.app/Contents/Developer/Toolchains/XcodeDefault.xctoolchain/usr/lib/swift/macosx/prebuilt-modules/26.2/CoreVideo.swiftmodule/arm64e-apple-macos.swiftmodule /Applications/Xcode.app/Contents/Developer/Toolchains/XcodeDefault.xctoolchain/usr/lib/swift/macosx/prebuilt-modules/26.2/CoreGraphics.swiftmodule/arm64e-apple-macos.swiftmodule /Applications/Xcode.app/Contents/Developer/Toolchains/XcodeDefault.xctoolchain/usr/lib/swift/macosx/prebuilt-modules/26.2/simd.swiftmodule/arm64e-apple-macos.swiftmodule /Applications/Xcode.app/Contents/Developer/Toolchains/XcodeDefault.xctoolchain/usr/lib/swift/macosx/prebuilt-modules/26.2/ScreenCaptureKit.swiftmodule/arm64e-apple-macos.swiftmodule /Applications/Xcode.app/Contents/Developer/Toolchains/XcodeDefault.xctoolchain/usr/lib/swift/macosx/prebuilt-modules/26.2/DeveloperToolsSupport.swiftmodule/arm64e-apple-macos.swiftmodule /Applications/Xcode.app/Contents/Developer/Toolchains/XcodeDefault.xctoolchain/usr/lib/swift/macosx/prebuilt-modules/26.2/CoreAudio.swiftmodule/arm64e-apple-macos.swiftmodule /Applications/Xcode.app/Contents/Developer/Toolchains/XcodeDefault.xctoolchain/usr/lib/swift/macosx/prebuilt-modules/26.2/Observation.swiftmodule/arm64e-apple-macos.swiftmodule /Users/baozheng/代码文件/MAC\ 端录音软件/build/DerivedData/ModuleCache.noindex/CoreAudio-9M98NGF6U7AR6X4PNXXOH2S24.pcm /Users/baozheng/代码文件/MAC\ 端录音软件/build/DerivedData/ModuleCache.noindex/ImageIO-CMLIAYDPZ97LWXGTM4GGM0PJH.pcm /Users/baozheng/代码文件/MAC\ 端录音软件/build/DerivedData/ModuleCache.noindex/CoreTransferable-3RAXM5T0F0ACTD5JBY8IMU9GA.pcm /Users/baozheng/代码文件/MAC\ 端录音软件/build/DerivedData/ModuleCache.noindex/OpenGL-BYMZ0173A6RJF370WMZIXU3BS.pcm /Users/baozheng/代码文件/MAC\ 端录音软件/build/DerivedData/ModuleCache.noindex/AudioToolbox-6UQ2PPORQ5TT818R6NACA0DVF.pcm /Users/baozheng/代码文件/MAC\ 端录音软件/build/DerivedData/ModuleCache.noindex/SwiftUI-EBHUW2FNAENNJUHAV00VUMQB9.pcm /Users/baozheng/代码文件/MAC\ 端录音软件/build/DerivedData/ModuleCache.noindex/CoreFoundation-8G5CDA5OUNBTAAORTU4V6Y933.pcm /Users/baozheng/代码文件/MAC\ 端录音软件/build/DerivedData/ModuleCache.noindex/ptrauth-9MI37AE88GF8MCXGPXCQYJ9SH.pcm /Users/baozheng/代码文件/MAC\ 端录音软件/build/DerivedData/ModuleCache.noindex/simd-CRMJ6IGQAFRVHLGZT5FA86P4U.pcm /Users/baozheng/代码文件/MAC\ 端录音软件/build/DerivedData/ModuleCache.noindex/ColorSync-63LZYGKRYN7X36DZ7D66E3KKT.pcm /Users/baozheng/代码文件/MAC\ 端录音软件/build/DerivedData/ModuleCache.noindex/CoreAudioTypes-CSMLMT1RS47LN3W44JGDVL473.pcm /Users/baozheng/代码文件/MAC\ 端录音软件/build/DerivedData/ModuleCache.noindex/sys_types-BF17NN9PDM8FN4INXA5LQ4HPM.pcm /Users/baozheng/代码文件/MAC\ 端录音软件/build/DerivedData/ModuleCache.noindex/QuartzCore-E8EA8D6CB3OE8OJ0VBZT46KAB.pcm /Users/baozheng/代码文件/MAC\ 端录音软件/build/DerivedData/ModuleCache.noindex/AVFoundation-BMHEYWBXR6AC1BPYC3J4YI48S.pcm /Users/baozheng/代码文件/MAC\ 端录音软件/build/DerivedData/ModuleCache.noindex/_Builtin_stdarg-8YK96W2FW9FWW8MCVOKDJ9GSD.pcm /Users/baozheng/代码文件/MAC\ 端录音软件/build/DerivedData/ModuleCache.noindex/_Builtin_float-CFPHHWPZM92JSL1N03MX3B787.pcm /Users/baozheng/代码文件/MAC\ 端录音软件/build/DerivedData/ModuleCache.noindex/SwiftShims-DF0UE9QWR6MPGRTEL850UIJ0M.pcm /Users/baozheng/代码文件/MAC\ 端录音软件/build/DerivedData/ModuleCache.noindex/Foundation-22UC5NV55XQLQCS57YUV5E1A5.pcm /Users/baozheng/代码文件/MAC\ 端录音软件/build/DerivedData/ModuleCache.noindex/Metal-9O0MKG5CQHR4MR7WLWKV4BGNG.pcm /Users/baozheng/代码文件/MAC\ 端录音软件/build/DerivedData/ModuleCache.noindex/ObjectiveC-WO17Y20W6G99FRWBZ0RLJDAQ.pcm /Users/baozheng/代码文件/MAC\ 端录音软件/build/DerivedData/ModuleCache.noindex/CUPS-4ELRW4L277MEIN3Y3L2E9VOG0.pcm /Users/baozheng/代码文件/MAC\ 端录音软件/build/DerivedData/ModuleCache.noindex/_DarwinFoundation3-BL7KPOFMUDZDL7C1HQDKMVL0.pcm /Users/baozheng/代码文件/MAC\ 端录音软件/build/DerivedData/ModuleCache.noindex/ptrcheck-E6BWDR80JH2GWCY8KG4ZXZCS0.pcm /Users/baozheng/代码文件/MAC\ 端录音软件/build/DerivedData/ModuleCache.noindex/AppKit-ATM9JE8PPGELRL5XIOTR73QY9.pcm /Users/baozheng/代码文件/MAC\ 端录音软件/build/DerivedData/ModuleCache.noindex/SwiftUICore-2Z1TAZV2NCRXZY9QE64V05Z8T.pcm /Users/baozheng/代码文件/MAC\ 端录音软件/build/DerivedData/ModuleCache.noindex/Symbols-6VPNY52EQN1VUG3BYT5I8V3YM.pcm /Users/baozheng/代码文件/MAC\ 端录音软件/build/DerivedData/ModuleCache.noindex/AVFAudio-C9ZHACO044HNWYOZCED14TTJ.pcm /Users/baozheng/代码文件/MAC\ 端录音软件/build/DerivedData/ModuleCache.noindex/CoreMedia-EO6A61GSOISHN2MFY9MFTEDT1.pcm /Users/baozheng/代码文件/MAC\ 端录音软件/build/DerivedData/ModuleCache.noindex/_Builtin_inttypes-95DHAYRYACJ8H6BGTU2JB7TOG.pcm /Users/baozheng/代码文件/MAC\ 端录音软件/build/DerivedData/ModuleCache.noindex/os-1LFD34N8I12VY9XF5EN4JGMU7.pcm /Users/baozheng/代码文件/MAC\ 端录音软件/build/DerivedData/ModuleCache.noindex/_Builtin_intrinsics-6ORK90KD2OZ0VCCTALIYEGOHU.pcm /Users/baozheng/代码文件/MAC\ 端录音软件/build/DerivedData/ModuleCache.noindex/ApplicationServices-9PRYLFXA7HQ3M9AI36F4MXSOC.pcm /Users/baozheng/代码文件/MAC\ 端录音软件/build/DerivedData/ModuleCache.noindex/os_workgroup-CXTZ6D1S8VE9OW572E7IW16AN.pcm /Users/baozheng/代码文件/MAC\ 端录音软件/build/DerivedData/ModuleCache.noindex/_AvailabilityInternal-1W2A6FASBBNXR04S3SF4U9PX9.pcm /Users/baozheng/代码文件/MAC\ 端录音软件/build/DerivedData/ModuleCache.noindex/_DarwinFoundation2-8VE7SKH7NGXX5KDEBCRLBPSA0.pcm /Users/baozheng/代码文件/MAC\ 端录音软件/build/DerivedData/ModuleCache.noindex/CFNetwork-5633BDEKYJ3JM2FAPYK31MV5P.pcm /Users/baozheng/代码文件/MAC\ 端录音软件/build/DerivedData/ModuleCache.noindex/_DarwinFoundation1-E001DTQT5BIK40R2WUW9QYRYB.pcm /Users/baozheng/代码文件/MAC\ 端录音软件/build/DerivedData/ModuleCache.noindex/OSLog-4NWUL5ZWYJ983OBIS9JWDYMQU.pcm /Users/baozheng/代码文件/MAC\ 端录音软件/build/DerivedData/ModuleCache.noindex/DataDetection-1KENSH7JVZETV2G4MTWNQWE58.pcm /Users/baozheng/代码文件/MAC\ 端录音软件/build/DerivedData/ModuleCache.noindex/DeveloperToolsSupport-PWY5UKAQRGH5O8RC8ELAECWS.pcm /Users/baozheng/代码文件/MAC\ 端录音软件/build/DerivedData/ModuleCache.noindex/_Builtin_tgmath-9PI2GERS1N7UXI5TUNPO1ZIL9.pcm /Users/baozheng/代码文件/MAC\ 端录音软件/build/DerivedData/ModuleCache.noindex/_Builtin_stdbool-F4L53EUPZCFN3F2SC76F8535M.pcm /Users/baozheng/代码文件/MAC\ 端录音软件/build/DerivedData/ModuleCache.noindex/Accessibility-1V7AYWZPUT28VBA8JZ225GW7X.pcm /Users/baozheng/代码文件/MAC\ 端录音软件/build/DerivedData/ModuleCache.noindex/ScreenCaptureKit-6GYZVZ65W5BO4LIFYWYREAQX2.pcm /Users/baozheng/代码文件/MAC\ 端录音软件/build/DerivedData/ModuleCache.noindex/CoreMIDI-E5A6619BU1CEE6X9GVUH0IQZU.pcm /Users/baozheng/代码文件/MAC\ 端录音软件/build/DerivedData/ModuleCache.noindex/os_object-6WR7A47YYV8I8L8X8Y2CIZVBP.pcm /Users/baozheng/代码文件/MAC\ 端录音软件/build/DerivedData/ModuleCache.noindex/MediaToolbox-EMI672SR8J96KBCL2V5IQI6T0.pcm /Users/baozheng/代码文件/MAC\ 端录音软件/build/DerivedData/ModuleCache.noindex/CoreServices-1T2WZFYFIZUNU28JJCV9UCJBZ.pcm /Users/baozheng/代码文件/MAC\ 端录音软件/build/DerivedData/ModuleCache.noindex/Carbon-1ETZBB13DHG9GZ6QCAAJ5Z08Z.pcm /Users/baozheng/代码文件/MAC\ 端录音软件/build/DerivedData/ModuleCache.noindex/launch-ASPEVW0HD00M9I9IGKWY9M7HS.pcm /Users/baozheng/代码文件/MAC\ 端录音软件/build/DerivedData/ModuleCache.noindex/_SwiftConcurrencyShims-7QA41IEIEKZXYLU5J9KVZ4M81.pcm /Users/baozheng/代码文件/MAC\ 端录音软件/build/DerivedData/ModuleCache.noindex/CoreVideo-A7FO2LA2CNMYJOYLS1XZGT3AZ.pcm /Users/baozheng/代码文件/MAC\ 端录音软件/build/DerivedData/ModuleCache.noindex/Security-8N85OP1558HDOQ79P8GZK9SQ0.pcm /Users/baozheng/代码文件/MAC\ 端录音软件/build/DerivedData/ModuleCache.noindex/CoreGraphics-5FUPC4MZX37I1VNRV73LJ9QGI.pcm /Users/baozheng/代码文件/MAC\ 端录音软件/build/DerivedData/ModuleCache.noindex/XPC-1ZHI4EFE0XS8UMBTPVV7JOUM9.pcm /Users/baozheng/代码文件/MAC\ 端录音软件/build/DerivedData/ModuleCache.noindex/CoreImage-A6VY45UOKHPMZFVI61RS0D27W.pcm /Users/baozheng/代码文件/MAC\ 端录音软件/build/DerivedData/ModuleCache.noindex/_Builtin_limits-LOJSS38ZHIE25T89FVB74W1Z.pcm /Users/baozheng/代码文件/MAC\ 端录音软件/build/DerivedData/ModuleCache.noindex/Dispatch-8EWH0NZBEYOP4MDN0GH6PB922.pcm /Users/baozheng/代码文件/MAC\ 端录音软件/build/DerivedData/ModuleCache.noindex/DiskArbitration-7S94UWQ1CDYO6BYCCJODAMSOD.pcm /Users/baozheng/代码文件/MAC\ 端录音软件/build/DerivedData/ModuleCache.noindex/CoreData-7WU0TRUK914DBEDK56Q0LIP25.pcm /Users/baozheng/代码文件/MAC\ 端录音软件/build/DerivedData/ModuleCache.noindex/Darwin-9RPATCD8T830RT7MM6GCB8JJK.pcm /Users/baozheng/代码文件/MAC\ 端录音软件/build/DerivedData/ModuleCache.noindex/_Builtin_stddef-62P8JDTEBEYIQ20HELKOQRFKO.pcm /Users/baozheng/代码文件/MAC\ 端录音软件/build/DerivedData/ModuleCache.noindex/Spatial-2HWYNW5ZHC4S3AR7SHP6QKOWK.pcm /Users/baozheng/代码文件/MAC\ 端录音软件/build/DerivedData/ModuleCache.noindex/_Builtin_stdatomic-B7F5CGF6KEK8YNVJ9ONRFHL1L.pcm /Users/baozheng/代码文件/MAC\ 端录音软件/build/DerivedData/Build/Intermediates.noindex/SwiftExplicitPrecompiledModules/lame-85TMBXGUKE2L89JWSI2DY29A5.pcm /Users/baozheng/代码文件/MAC\ 端录音软件/build/DerivedData/ModuleCache.noindex/CoreText-40QNE2IO0KTH6VR2647XC7MM2.pcm /Users/baozheng/代码文件/MAC\ 端录音软件/build/DerivedData/ModuleCache.noindex/libkern-1UH965UNTUOAHCOH9KT9CHGDQ.pcm /Users/baozheng/代码文件/MAC\ 端录音软件/build/DerivedData/ModuleCache.noindex/MachO-5LPYQFKED9IE5M7M8EWGZS6SZ.pcm /Users/baozheng/代码文件/MAC\ 端录音软件/build/DerivedData/ModuleCache.noindex/IOKit-B9F047O6A3C4204GFRD4SEZAC.pcm /Users/baozheng/代码文件/MAC\ 端录音软件/build/DerivedData/ModuleCache.noindex/_Builtin_stdint-CK21TWQD50YZ310CTQA025JGM.pcm /Users/baozheng/代码文件/MAC\ 端录音软件/build/DerivedData/ModuleCache.noindex/ServiceManagement-EYKBIKYC4I8CRK6KITLXNIKA2.pcm /Users/baozheng/代码文件/MAC\ 端录音软件/build/DerivedData/ModuleCache.noindex/libDER-36808ARCHPG2D2M8J2JWDUP8M.pcm /Users/baozheng/代码文件/MAC\ 端录音软件/build/DerivedData/ModuleCache.noindex/UniformTypeIdentifiers-6WI8K3AKC0UPIYC6UIM2JJEXQ.pcm /Users/baozheng/代码文件/MAC\ 端录音软件/build/DerivedData/ModuleCache.noindex/IOSurface-EMFW02JUAI84Y56662WUGIUXH.pcm /Users/baozheng/代码文件/MAC\ 端录音软件/build/DerivedData/Build/Intermediates.noindex/SimpleRecorder.build/Release/SimpleRecorder.build/Objects-normal/arm64/SimpleRecorder-dependencies-1.json (in target 'SimpleRecorder' from project 'SimpleRecorder')

CompileSwift normal arm64 (in target 'SimpleRecorder' from project 'SimpleRecorder')
    cd /Users/baozheng/代码文件/MAC\ 端录音软件
    
/Users/baozheng/代码文件/MAC 端录音软件/SimpleRecorder/Managers/AudioRecorderManager.swift:370:16: warning: unnecessary check for 'macOS'; enclosing scope ensures guard will always be true
            if #available(macOS 13.0, *) {
               ^
/Users/baozheng/代码文件/MAC 端录音软件/SimpleRecorder/Managers/AudioRecorderManager.swift:302:18: note: enclosing scope here
    private func startSystemAudioRecording(at recordingsPath: URL) async {
                 ^
/Users/baozheng/代码文件/MAC 端录音软件/SimpleRecorder/Managers/AudioRecorderManager.swift:380:34: warning: instance method 'lock' is unavailable from asynchronous contexts; Use async-safe scoped locking instead; this is an error in the Swift 6 language mode
            systemAudioQueueLock.lock()
                                 ^
Foundation.NSLock.lock:2:11: note: 'lock()' declared here
open func lock()}
          ^
/Users/baozheng/代码文件/MAC 端录音软件/SimpleRecorder/Managers/AudioRecorderManager.swift:382:34: warning: instance method 'unlock' is unavailable from asynchronous contexts; Use async-safe scoped locking instead; this is an error in the Swift 6 language mode
            systemAudioQueueLock.unlock()
                                 ^
Foundation.NSLock.unlock:2:11: note: 'unlock()' declared here
open func unlock()}
          ^
/Users/baozheng/代码文件/MAC 端录音软件/SimpleRecorder/Managers/AudioRecorderManager.swift:502:13: warning: immutable value 'inputFormat' was never used; consider removing it
        let inputFormat: AVAudioFormat
            ^
/Users/baozheng/代码文件/MAC 端录音软件/SimpleRecorder/Managers/AudioRecorderManager.swift:949:33: error: value of type 'AVAudioPCMBuffer' has no member 'deepCopy'
            bufferCopy = buffer.deepCopy() ?? buffer
                         ~~~~~~ ^~~~~~~~
/Users/baozheng/代码文件/MAC 端录音软件/SimpleRecorder/Models/AppSettings.swift:354:25: warning: cannot use inout expression here; argument 'mInputData' must be a pointer that outlives the call to 'init(mInputData:mInputDataSize:mOutputData:mOutputDataSize:)'
            mInputData: &cfUID,
                        ^~~~~~
/Users/baozheng/代码文件/MAC 端录音软件/SimpleRecorder/Models/AppSettings.swift:354:25: note: implicit argument conversion from 'CFString' to 'UnsafeMutableRawPointer' produces a pointer valid only for the duration of the call to 'init(mInputData:mInputDataSize:mOutputData:mOutputDataSize:)'
            mInputData: &cfUID,
                        ^~~~~~
/Users/baozheng/代码文件/MAC 端录音软件/SimpleRecorder/Models/AppSettings.swift:354:25: note: use 'withUnsafeMutableBytes' in order to explicitly convert argument to buffer pointer valid for a defined scope
            mInputData: &cfUID,
                        ^
/Users/baozheng/代码文件/MAC 端录音软件/SimpleRecorder/Models/AppSettings.swift:356:26: warning: cannot use inout expression here; argument 'mOutputData' must be a pointer that outlives the call to 'init(mInputData:mInputDataSize:mOutputData:mOutputDataSize:)'
            mOutputData: &deviceID,
                         ^~~~~~~~~
/Users/baozheng/代码文件/MAC 端录音软件/SimpleRecorder/Models/AppSettings.swift:356:26: note: implicit argument conversion from 'AudioDeviceID' (aka 'UInt32') to 'UnsafeMutableRawPointer' produces a pointer valid only for the duration of the call to 'init(mInputData:mInputDataSize:mOutputData:mOutputDataSize:)'
            mOutputData: &deviceID,
                         ^~~~~~~~~
/Users/baozheng/代码文件/MAC 端录音软件/SimpleRecorder/Models/AppSettings.swift:356:26: note: use 'withUnsafeMutableBytes' in order to explicitly convert argument to buffer pointer valid for a defined scope
            mOutputData: &deviceID,
                         ^
/Users/baozheng/代码文件/MAC 端录音软件/SimpleRecorder/Models/AppSettings.swift:379:13: warning: initialization of immutable value 'transportStatus' was never used; consider replacing with assignment to '_' or removing it
        let transportStatus = AudioObjectGetPropertyData(
        ~~~~^~~~~~~~~~~~~~~
        _
/Users/baozheng/代码文件/MAC 端录音软件/SimpleRecorder/Managers/TimerTaskManager.swift:139:13: warning: initialization of immutable value 'settings' was never used; consider replacing with assignment to '_' or removing it
        let settings = AppSettings.shared
        ~~~~^~~~~~~~
        _

Failed frontend command:
/Applications/Xcode.app/Contents/Developer/Toolchains/XcodeDefault.xctoolchain/usr/bin/swift-frontend -frontend -c /Users/baozheng/代码文件/MAC\ 端录音软件/SimpleRecorder/SimpleRecorderApp.swift /Users/baozheng/代码文件/MAC\ 端录音软件/SimpleRecorder/Managers/AudioRecorderManager.swift /Users/baozheng/代码文件/MAC\ 端录音软件/SimpleRecorder/Managers/HotKeyManager.swift /Users/baozheng/代码文件/MAC\ 端录音软件/SimpleRecorder/Managers/LogManager.swift /Users/baozheng/代码文件/MAC\ 端录音软件/SimpleRecorder/Models/AppSettings.swift /Users/baozheng/代码文件/MAC\ 端录音软件/SimpleRecorder/ThirdParty/LameEncoder.swift /Users/baozheng/代码文件/MAC\ 端录音软件/SimpleRecorder/Views/MainWindowView.swift /Users/baozheng/代码文件/MAC\ 端录音软件/SimpleRecorder/Models/TimerTask.swift /Users/baozheng/代码文件/MAC\ 端录音软件/SimpleRecorder/Managers/TimerTaskManager.swift /Users/baozheng/代码文件/MAC\ 端录音软件/SimpleRecorder/Views/ReminderWindowController.swift /Users/baozheng/代码文件/MAC\ 端录音软件/SimpleRecorder/Views/TimerTaskViews.swift /Users/baozheng/代码文件/MAC\ 端录音软件/build/DerivedData/Build/Intermediates.noindex/SimpleRecorder.build/Release/SimpleRecorder.build/DerivedSources/GeneratedAssetSymbols.swift -supplementary-output-file-map /Users/baozheng/代码文件/MAC\ 端录音软件/build/DerivedData/Build/Intermediates.noindex/SimpleRecorder.build/Release/SimpleRecorder.build/Objects-normal/arm64/supplementaryOutputs-1 -emit-localized-strings -emit-localized-strings-path /Users/baozheng/代码文件/MAC\ 端录音软件/build/DerivedData/Build/Intermediates.noindex/SimpleRecorder.build/Release/SimpleRecorder.build/Objects-normal/arm64 -target arm64-apple-macos13.0 -module-can-import-version AppKit 2685.30.107 2685.30.107 -module-can-import-version DeveloperToolsSupport 23.0.4 23.0.4 -module-can-import-version SwiftUI 7.2.5.1 7.2.5 -load-resolved-plugin /Applications/Xcode.app/Contents/Developer/Platforms/MacOSX.platform/Developer/usr/lib/swift/host/plugins/libFoundationMacros.dylib\#/Applications/Xcode.app/Contents/Developer/Platforms/MacOSX.platform/Developer/usr/bin/swift-plugin-server\#FoundationMacros -load-resolved-plugin /Applications/Xcode.app/Contents/Developer/Platforms/MacOSX.platform/Developer/usr/lib/swift/host/plugins/libObservationMacros.dylib\#/Applications/Xcode.app/Contents/Developer/Platforms/MacOSX.platform/Developer/usr/bin/swift-plugin-server\#ObservationMacros -load-resolved-plugin /Applications/Xcode.app/Contents/Developer/Platforms/MacOSX.platform/Developer/usr/lib/swift/host/plugins/libPreviewsMacros.dylib\#/Applications/Xcode.app/Contents/Developer/Platforms/MacOSX.platform/Developer/usr/bin/swift-plugin-server\#PreviewsMacros -load-resolved-plugin /Applications/Xcode.app/Contents/Developer/Platforms/MacOSX.platform/Developer/usr/lib/swift/host/plugins/libSwiftMacros.dylib\#/Applications/Xcode.app/Contents/Developer/Platforms/MacOSX.platform/Developer/usr/bin/swift-plugin-server\#SwiftMacros -load-resolved-plugin /Applications/Xcode.app/Contents/Developer/Platforms/MacOSX.platform/Developer/usr/lib/swift/host/plugins/libSwiftUIMacros.dylib\#/Applications/Xcode.app/Contents/Developer/Platforms/MacOSX.platform/Developer/usr/bin/swift-plugin-server\#SwiftUIMacros -disable-implicit-swift-modules -Xcc -fno-implicit-modules -Xcc -fno-implicit-module-maps -explicit-swift-module-map-file /Users/baozheng/代码文件/MAC\ 端录音软件/build/DerivedData/Build/Intermediates.noindex/SimpleRecorder.build/Release/SimpleRecorder.build/Objects-normal/arm64/SimpleRecorder-dependencies-1.json -Xllvm -aarch64-use-tbi -enable-objc-interop -stack-check -sdk /Applications/Xcode.app/Contents/Developer/Platforms/MacOSX.platform/Developer/SDKs/MacOSX26.2.sdk -I /Users/baozheng/代码文件/MAC\ 端录音软件/build/Release -I /Users/baozheng/代码文件/MAC\ 端录音软件/SimpleRecorder/ThirdParty/lame -F /Users/baozheng/代码文件/MAC\ 端录音软件/build/Release -no-color-diagnostics -Xcc -fno-color-diagnostics -g -debug-info-format\=dwarf -dwarf-version\=4 -module-cache-path /Users/baozheng/代码文件/MAC\ 端录音软件/build/DerivedData/Build/Intermediates.noindex/SwiftExplicitPrecompiledModules -swift-version 5 -enforce-exclusivity\=checked -O -serialize-debugging-options -const-gather-protocols-file /Users/baozheng/代码文件/MAC\ 端录音软件/build/DerivedData/Build/Intermediates.noindex/SimpleRecorder.build/Release/SimpleRecorder.build/Objects-normal/arm64/SimpleRecorder_const_extract_protocols.json -enable-experimental-feature DebugDescriptionMacro -enable-bare-slash-regex -empty-abi-descriptor -validate-clang-modules-once -clang-build-session-file /Users/baozheng/代码文件/MAC\ 端录音软件/build/DerivedData/ModuleCache.noindex/Session.modulevalidation -Xcc -working-directory -Xcc /Users/baozheng/代码文件/MAC\ 端录音软件 -file-compilation-dir /Users/baozheng/代码文件/MAC\ 端录音软件 -Xcc -ivfsstatcache -Xcc /Users/baozheng/代码文件/MAC\ 端录音软件/build/DerivedData/SDKStatCaches.noindex/macosx26.2-25C57-00fa09913b459cbbc988d1f6730289ae.sdkstatcache -Xcc -I/Users/baozheng/代码文件/MAC\ 端录音软件/build/DerivedData/Build/Intermediates.noindex/SimpleRecorder.build/Release/SimpleRecorder.build/swift-overrides.hmap -Xcc -iquote -Xcc /Users/baozheng/代码文件/MAC\ 端录音软件/build/DerivedData/Build/Intermediates.noindex/SimpleRecorder.build/Release/SimpleRecorder.build/SimpleRecorder-generated-files.hmap -Xcc -I/Users/baozheng/代码文件/MAC\ 端录音软件/build/DerivedData/Build/Intermediates.noindex/SimpleRecorder.build/Release/SimpleRecorder.build/SimpleRecorder-own-target-headers.hmap -Xcc -I/Users/baozheng/代码文件/MAC\ 端录音软件/build/DerivedData/Build/Intermediates.noindex/SimpleRecorder.build/Release/SimpleRecorder.build/SimpleRecorder-all-target-headers.hmap -Xcc -iquote -Xcc /Users/baozheng/代码文件/MAC\ 端录音软件/build/DerivedData/Build/Intermediates.noindex/SimpleRecorder.build/Release/SimpleRecorder.build/SimpleRecorder-project-headers.hmap -Xcc -I/Users/baozheng/代码文件/MAC\ 端录音软件/build/Release/include -Xcc -I/Users/baozheng/代码文件/MAC\ 端录音软件/SimpleRecorder/ThirdParty/lame -Xcc -I/Users/baozheng/代码文件/MAC\ 端录音软件/build/DerivedData/Build/Intermediates.noindex/SimpleRecorder.build/Release/SimpleRecorder.build/DerivedSources-normal/arm64 -Xcc -I/Users/baozheng/代码文件/MAC\ 端录音软件/build/DerivedData/Build/Intermediates.noindex/SimpleRecorder.build/Release/SimpleRecorder.build/DerivedSources/arm64 -Xcc -I/Users/baozheng/代码文件/MAC\ 端录音软件/build/DerivedData/Build/Intermediates.noindex/SimpleRecorder.build/Release/SimpleRecorder.build/DerivedSources -no-auto-bridging-header-chaining -module-name SimpleRecorder -frontend-parseable-output -disable-clang-spi -target-sdk-version 26.2 -target-sdk-name macosx26.2 -clang-target arm64-apple-macos26.2 -in-process-plugin-server-path /Applications/Xcode.app/Contents/Developer/Toolchains/XcodeDefault.xctoolchain/usr/lib/swift/host/libSwiftInProcPluginServer.dylib -enable-default-cmo -num-threads 8 -o /Users/baozheng/代码文件/MAC\ 端录音软件/build/DerivedData/Build/Intermediates.noindex/SimpleRecorder.build/Release/SimpleRecorder.build/Objects-normal/arm64/SimpleRecorderApp.o -o /Users/baozheng/代码文件/MAC\ 端录音软件/build/DerivedData/Build/Intermediates.noindex/SimpleRecorder.build/Release/SimpleRecorder.build/Objects-normal/arm64/AudioRecorderManager.o -o /Users/baozheng/代码文件/MAC\ 端录音软件/build/DerivedData/Build/Intermediates.noindex/SimpleRecorder.build/Release/SimpleRecorder.build/Objects-normal/arm64/HotKeyManager.o -o /Users/baozheng/代码文件/MAC\ 端录音软件/build/DerivedData/Build/Intermediates.noindex/SimpleRecorder.build/Release/SimpleRecorder.build/Objects-normal/arm64/LogManager.o -o /Users/baozheng/代码文件/MAC\ 端录音软件/build/DerivedData/Build/Intermediates.noindex/SimpleRecorder.build/Release/SimpleRecorder.build/Objects-normal/arm64/AppSettings.o -o /Users/baozheng/代码文件/MAC\ 端录音软件/build/DerivedData/Build/Intermediates.noindex/SimpleRecorder.build/Release/SimpleRecorder.build/Objects-normal/arm64/LameEncoder.o -o /Users/baozheng/代码文件/MAC\ 端录音软件/build/DerivedData/Build/Intermediates.noindex/SimpleRecorder.build/Release/SimpleRecorder.build/Objects-normal/arm64/MainWindowView.o -o /Users/baozheng/代码文件/MAC\ 端录音软件/build/DerivedData/Build/Intermediates.noindex/SimpleRecorder.build/Release/SimpleRecorder.build/Objects-normal/arm64/TimerTask.o -o /Users/baozheng/代码文件/MAC\ 端录音软件/build/DerivedData/Build/Intermediates.noindex/SimpleRecorder.build/Release/SimpleRecorder.build/Objects-normal/arm64/TimerTaskManager.o -o /Users/baozheng/代码文件/MAC\ 端录音软件/build/DerivedData/Build/Intermediates.noindex/SimpleRecorder.build/Release/SimpleRecorder.build/Objects-normal/arm64/ReminderWindowController.o -o /Users/baozheng/代码文件/MAC\ 端录音软件/build/DerivedData/Build/Intermediates.noindex/SimpleRecorder.build/Release/SimpleRecorder.build/Objects-normal/arm64/TimerTaskViews.o -o /Users/baozheng/代码文件/MAC\ 端录音软件/build/DerivedData/Build/Intermediates.noindex/SimpleRecorder.build/Release/SimpleRecorder.build/Objects-normal/arm64/GeneratedAssetSymbols.o -index-unit-output-path /SimpleRecorder.build/Release/SimpleRecorder.build/Objects-normal/arm64/SimpleRecorderApp.o -index-unit-output-path /SimpleRecorder.build/Release/SimpleRecorder.build/Objects-normal/arm64/AudioRecorderManager.o -index-unit-output-path /SimpleRecorder.build/Release/SimpleRecorder.build/Objects-normal/arm64/HotKeyManager.o -index-unit-output-path /SimpleRecorder.build/Release/SimpleRecorder.build/Objects-normal/arm64/LogManager.o -index-unit-output-path /SimpleRecorder.build/Release/SimpleRecorder.build/Objects-normal/arm64/AppSettings.o -index-unit-output-path /SimpleRecorder.build/Release/SimpleRecorder.build/Objects-normal/arm64/LameEncoder.o -index-unit-output-path /SimpleRecorder.build/Release/SimpleRecorder.build/Objects-normal/arm64/MainWindowView.o -index-unit-output-path /SimpleRecorder.build/Release/SimpleRecorder.build/Objects-normal/arm64/TimerTask.o -index-unit-output-path /SimpleRecorder.build/Release/SimpleRecorder.build/Objects-normal/arm64/TimerTaskManager.o -index-unit-output-path /SimpleRecorder.build/Release/SimpleRecorder.build/Objects-normal/arm64/ReminderWindowController.o -index-unit-output-path /SimpleRecorder.build/Release/SimpleRecorder.build/Objects-normal/arm64/TimerTaskViews.o -index-unit-output-path /SimpleRecorder.build/Release/SimpleRecorder.build/Objects-normal/arm64/GeneratedAssetSymbols.o
** BUILD FAILED **


The following build commands failed:
	CompileSwift normal arm64 (in target 'SimpleRecorder' from project 'SimpleRecorder')
	SwiftCompile normal arm64 Compiling\ SimpleRecorderApp.swift,\ AudioRecorderManager.swift,\ HotKeyManager.swift,\ LogManager.swift,\ AppSettings.swift,\ LameEncoder.swift,\ MainWindowView.swift,\ TimerTask.swift,\ TimerTaskManager.swift,\ ReminderWindowController.swift,\ TimerTaskViews.swift,\ GeneratedAssetSymbols.swift /Users/baozheng/代码文件/MAC\ 端录音软件/SimpleRecorder/SimpleRecorderApp.swift /Users/baozheng/代码文件/MAC\ 端录音软件/SimpleRecorder/Managers/AudioRecorderManager.swift /Users/baozheng/代码文件/MAC\ 端录音软件/SimpleRecorder/Managers/HotKeyManager.swift /Users/baozheng/代码文件/MAC\ 端录音软件/SimpleRecorder/Managers/LogManager.swift /Users/baozheng/代码文件/MAC\ 端录音软件/SimpleRecorder/Models/AppSettings.swift /Users/baozheng/代码文件/MAC\ 端录音软件/SimpleRecorder/ThirdParty/LameEncoder.swift /Users/baozheng/代码文件/MAC\ 端录音软件/SimpleRecorder/Views/MainWindowView.swift /Users/baozheng/代码文件/MAC\ 端录音软件/SimpleRecorder/Models/TimerTask.swift /Users/baozheng/代码文件/MAC\ 端录音软件/SimpleRecorder/Managers/TimerTaskManager.swift /Users/baozheng/代码文件/MAC\ 端录音软件/SimpleRecorder/Views/ReminderWindowController.swift /Users/baozheng/代码文件/MAC\ 端录音软件/SimpleRecorder/Views/TimerTaskViews.swift /Users/baozheng/代码文件/MAC\ 端录音软件/build/DerivedData/Build/Intermediates.noindex/SimpleRecorder.build/Release/SimpleRecorder.build/DerivedSources/GeneratedAssetSymbols.swift /Applications/Xcode.app/Contents/Developer/Toolchains/XcodeDefault.xctoolchain/usr/lib/swift/macosx/prebuilt-modules/26.2/IOKit.swiftmodule/arm64e-apple-macos.swiftmodule /Applications/Xcode.app/Contents/Developer/Toolchains/XcodeDefault.xctoolchain/usr/lib/swift/macosx/prebuilt-modules/26.2/AVFAudio.swiftmodule/arm64e-apple-macos.swiftmodule /Applications/Xcode.app/Contents/Developer/Toolchains/XcodeDefault.xctoolchain/usr/lib/swift/macosx/prebuilt-modules/26.2/Swift.swiftmodule/arm64e-apple-macos.swiftmodule /Applications/Xcode.app/Contents/Developer/Toolchains/XcodeDefault.xctoolchain/usr/lib/swift/macosx/prebuilt-modules/26.2/AVFoundation.swiftmodule/arm64e-apple-macos.swiftmodule /Applications/Xcode.app/Contents/Developer/Toolchains/XcodeDefault.xctoolchain/usr/lib/swift/macosx/prebuilt-modules/26.2/CoreData.swiftmodule/arm64e-apple-macos.swiftmodule /Applications/Xcode.app/Contents/Developer/Toolchains/XcodeDefault.xctoolchain/usr/lib/swift/macosx/prebuilt-modules/26.2/DataDetection.swiftmodule/arm64e-apple-macos.swiftmodule /Applications/Xcode.app/Contents/Developer/Toolchains/XcodeDefault.xctoolchain/usr/lib/swift/macosx/prebuilt-modules/26.2/SwiftUI.swiftmodule/arm64e-apple-macos.swiftmodule /Applications/Xcode.app/Contents/Developer/Toolchains/XcodeDefault.xctoolchain/usr/lib/swift/macosx/prebuilt-modules/26.2/Darwin.swiftmodule/arm64e-apple-macos.swiftmodule /Applications/Xcode.app/Contents/Developer/Toolchains/XcodeDefault.xctoolchain/usr/lib/swift/macosx/prebuilt-modules/26.2/CoreFoundation.swiftmodule/arm64e-apple-macos.swiftmodule /Applications/Xcode.app/Contents/Developer/Toolchains/XcodeDefault.xctoolchain/usr/lib/swift/macosx/prebuilt-modules/26.2/Metal.swiftmodule/arm64e-apple-macos.swiftmodule /Applications/Xcode.app/Contents/Developer/Toolchains/XcodeDefault.xctoolchain/usr/lib/swift/macosx/prebuilt-modules/26.2/_DarwinFoundation3.swiftmodule/arm64e-apple-macos.swiftmodule /Applications/Xcode.app/Contents/Developer/Toolchains/XcodeDefault.xctoolchain/usr/lib/swift/macosx/prebuilt-modules/26.2/_Builtin_float.swiftmodule/arm64e-apple-macos.swiftmodule /Applications/Xcode.app/Contents/Developer/Toolchains/XcodeDefault.xctoolchain/usr/lib/swift/macosx/prebuilt-modules/26.2/QuartzCore.swiftmodule/arm64e-apple-macos.swiftmodule /Applications/Xcode.app/Contents/Developer/Toolchains/XcodeDefault.xctoolchain/usr/lib/swift/macosx/prebuilt-modules/26.2/CoreMedia.swiftmodule/arm64e-apple-macos.swiftmodule /Applications/Xcode.app/Contents/Developer/Toolchains/XcodeDefault.xctoolchain/usr/lib/swift/macosx/prebuilt-modules/26.2/ObjectiveC.swiftmodule/arm64e-apple-macos.swiftmodule /Applications/Xcode.app/Contents/Developer/Toolchains/XcodeDefault.xctoolchain/usr/lib/swift/macosx/prebuilt-modules/26.2/CoreImage.swiftmodule/arm64e-apple-macos.swiftmodule /Applications/Xcode.app/Contents/Developer/Toolchains/XcodeDefault.xctoolchain/usr/lib/swift/macosx/prebuilt-modules/26.2/CoreTransferable.swiftmodule/arm64e-apple-macos.swiftmodule /Applications/Xcode.app/Contents/Developer/Toolchains/XcodeDefault.xctoolchain/usr/lib/swift/macosx/prebuilt-modules/26.2/_StringProcessing.swiftmodule/arm64e-apple-macos.swiftmodule /Applications/Xcode.app/Contents/Developer/Toolchains/XcodeDefault.xctoolchain/usr/lib/swift/macosx/prebuilt-modules/26.2/System.swiftmodule/arm64e-apple-macos.swiftmodule /Applications/Xcode.app/Contents/Developer/Toolchains/XcodeDefault.xctoolchain/usr/lib/swift/macosx/prebuilt-modules/26.2/Dispatch.swiftmodule/arm64e-apple-macos.swiftmodule /Applications/Xcode.app/Contents/Developer/Toolchains/XcodeDefault.xctoolchain/usr/lib/swift/macosx/prebuilt-modules/26.2/Spatial.swiftmodule/arm64e-apple-macos.swiftmodule /Applications/Xcode.app/Contents/Developer/Toolchains/XcodeDefault.xctoolchain/usr/lib/swift/macosx/prebuilt-modules/26.2/Synchronization.swiftmodule/arm64e-apple-macos.swiftmodule /Applications/Xcode.app/Contents/Developer/Toolchains/XcodeDefault.xctoolchain/usr/lib/swift/macosx/prebuilt-modules/26.2/SwiftUICore.swiftmodule/arm64e-apple-macos.swiftmodule /Applications/Xcode.app/Contents/Developer/Toolchains/XcodeDefault.xctoolchain/usr/lib/swift/macosx/prebuilt-modules/26.2/CoreText.swiftmodule/arm64e-apple-macos.swiftmodule /Applications/Xcode.app/Contents/Developer/Toolchains/XcodeDefault.xctoolchain/usr/lib/swift/macosx/prebuilt-modules/26.2/XPC.swiftmodule/arm64e-apple-macos.swiftmodule /Applications/Xcode.app/Contents/Developer/Toolchains/XcodeDefault.xctoolchain/usr/lib/swift/macosx/prebuilt-modules/26.2/Accessibility.swiftmodule/arm64e-apple-macos.swiftmodule /Applications/Xcode.app/Contents/Developer/Toolchains/XcodeDefault.xctoolchain/usr/lib/swift/macosx/prebuilt-modules/26.2/Foundation.swiftmodule/arm64e-apple-macos.swiftmodule /Applications/Xcode.app/Contents/Developer/Toolchains/XcodeDefault.xctoolchain/usr/lib/swift/macosx/prebuilt-modules/26.2/AppKit.swiftmodule/arm64e-apple-macos.swiftmodule /Applications/Xcode.app/Contents/Developer/Toolchains/XcodeDefault.xctoolchain/usr/lib/swift/macosx/prebuilt-modules/26.2/Combine.swiftmodule/arm64e-apple-macos.swiftmodule /Applications/Xcode.app/Contents/Developer/Toolchains/XcodeDefault.xctoolchain/usr/lib/swift/macosx/prebuilt-modules/26.2/CoreMIDI.swiftmodule/arm64e-apple-macos.swiftmodule /Applications/Xcode.app/Contents/Developer/Toolchains/XcodeDefault.xctoolchain/usr/lib/swift/macosx/prebuilt-modules/26.2/os.swiftmodule/arm64e-apple-macos.swiftmodule /Applications/Xcode.app/Contents/Developer/Toolchains/XcodeDefault.xctoolchain/usr/lib/swift/macosx/prebuilt-modules/26.2/_Concurrency.swiftmodule/arm64e-apple-macos.swiftmodule /Applications/Xcode.app/Contents/Developer/Toolchains/XcodeDefault.xctoolchain/usr/lib/swift/macosx/prebuilt-modules/26.2/UniformTypeIdentifiers.swiftmodule/arm64e-apple-macos.swiftmodule /Applications/Xcode.app/Contents/Developer/Toolchains/XcodeDefault.xctoolchain/usr/lib/swift/macosx/prebuilt-modules/26.2/Symbols.swiftmodule/arm64e-apple-macos.swiftmodule /Applications/Xcode.app/Contents/Developer/Toolchains/XcodeDefault.xctoolchain/usr/lib/swift/macosx/prebuilt-modules/26.2/_DarwinFoundation2.swiftmodule/arm64e-apple-macos.swiftmodule /Applications/Xcode.app/Contents/Developer/Toolchains/XcodeDefault.xctoolchain/usr/lib/swift/macosx/prebuilt-modules/26.2/_DarwinFoundation1.swiftmodule/arm64e-apple-macos.swiftmodule /Applications/Xcode.app/Contents/Developer/Toolchains/XcodeDefault.xctoolchain/usr/lib/swift/macosx/prebuilt-modules/26.2/OSLog.swiftmodule/arm64e-apple-macos.swiftmodule /Applications/Xcode.app/Contents/Developer/Toolchains/XcodeDefault.xctoolchain/usr/lib/swift/macosx/prebuilt-modules/26.2/AudioToolbox.swiftmodule/arm64e-apple-macos.swiftmodule /Applications/Xcode.app/Contents/Developer/Toolchains/XcodeDefault.xctoolchain/usr/lib/swift/macosx/prebuilt-modules/26.2/CoreVideo.swiftmodule/arm64e-apple-macos.swiftmodule /Applications/Xcode.app/Contents/Developer/Toolchains/XcodeDefault.xctoolchain/usr/lib/swift/macosx/prebuilt-modules/26.2/CoreGraphics.swiftmodule/arm64e-apple-macos.swiftmodule /Applications/Xcode.app/Contents/Developer/Toolchains/XcodeDefault.xctoolchain/usr/lib/swift/macosx/prebuilt-modules/26.2/simd.swiftmodule/arm64e-apple-macos.swiftmodule /Applications/Xcode.app/Contents/Developer/Toolchains/XcodeDefault.xctoolchain/usr/lib/swift/macosx/prebuilt-modules/26.2/ScreenCaptureKit.swiftmodule/arm64e-apple-macos.swiftmodule /Applications/Xcode.app/Contents/Developer/Toolchains/XcodeDefault.xctoolchain/usr/lib/swift/macosx/prebuilt-modules/26.2/DeveloperToolsSupport.swiftmodule/arm64e-apple-macos.swiftmodule /Applications/Xcode.app/Contents/Developer/Toolchains/XcodeDefault.xctoolchain/usr/lib/swift/macosx/prebuilt-modules/26.2/CoreAudio.swiftmodule/arm64e-apple-macos.swiftmodule /Applications/Xcode.app/Contents/Developer/Toolchains/XcodeDefault.xctoolchain/usr/lib/swift/macosx/prebuilt-modules/26.2/Observation.swiftmodule/arm64e-apple-macos.swiftmodule /Users/baozheng/代码文件/MAC\ 端录音软件/build/DerivedData/ModuleCache.noindex/CoreAudio-9M98NGF6U7AR6X4PNXXOH2S24.pcm /Users/baozheng/代码文件/MAC\ 端录音软件/build/DerivedData/ModuleCache.noindex/ImageIO-CMLIAYDPZ97LWXGTM4GGM0PJH.pcm /Users/baozheng/代码文件/MAC\ 端录音软件/build/DerivedData/ModuleCache.noindex/CoreTransferable-3RAXM5T0F0ACTD5JBY8IMU9GA.pcm /Users/baozheng/代码文件/MAC\ 端录音软件/build/DerivedData/ModuleCache.noindex/OpenGL-BYMZ0173A6RJF370WMZIXU3BS.pcm /Users/baozheng/代码文件/MAC\ 端录音软件/build/DerivedData/ModuleCache.noindex/AudioToolbox-6UQ2PPORQ5TT818R6NACA0DVF.pcm /Users/baozheng/代码文件/MAC\ 端录音软件/build/DerivedData/ModuleCache.noindex/SwiftUI-EBHUW2FNAENNJUHAV00VUMQB9.pcm /Users/baozheng/代码文件/MAC\ 端录音软件/build/DerivedData/ModuleCache.noindex/CoreFoundation-8G5CDA5OUNBTAAORTU4V6Y933.pcm /Users/baozheng/代码文件/MAC\ 端录音软件/build/DerivedData/ModuleCache.noindex/ptrauth-9MI37AE88GF8MCXGPXCQYJ9SH.pcm /Users/baozheng/代码文件/MAC\ 端录音软件/build/DerivedData/ModuleCache.noindex/simd-CRMJ6IGQAFRVHLGZT5FA86P4U.pcm /Users/baozheng/代码文件/MAC\ 端录音软件/build/DerivedData/ModuleCache.noindex/ColorSync-63LZYGKRYN7X36DZ7D66E3KKT.pcm /Users/baozheng/代码文件/MAC\ 端录音软件/build/DerivedData/ModuleCache.noindex/CoreAudioTypes-CSMLMT1RS47LN3W44JGDVL473.pcm /Users/baozheng/代码文件/MAC\ 端录音软件/build/DerivedData/ModuleCache.noindex/sys_types-BF17NN9PDM8FN4INXA5LQ4HPM.pcm /Users/baozheng/代码文件/MAC\ 端录音软件/build/DerivedData/ModuleCache.noindex/QuartzCore-E8EA8D6CB3OE8OJ0VBZT46KAB.pcm /Users/baozheng/代码文件/MAC\ 端录音软件/build/DerivedData/ModuleCache.noindex/AVFoundation-BMHEYWBXR6AC1BPYC3J4YI48S.pcm /Users/baozheng/代码文件/MAC\ 端录音软件/build/DerivedData/ModuleCache.noindex/_Builtin_stdarg-8YK96W2FW9FWW8MCVOKDJ9GSD.pcm /Users/baozheng/代码文件/MAC\ 端录音软件/build/DerivedData/ModuleCache.noindex/_Builtin_float-CFPHHWPZM92JSL1N03MX3B787.pcm /Users/baozheng/代码文件/MAC\ 端录音软件/build/DerivedData/ModuleCache.noindex/SwiftShims-DF0UE9QWR6MPGRTEL850UIJ0M.pcm /Users/baozheng/代码文件/MAC\ 端录音软件/build/DerivedData/ModuleCache.noindex/Foundation-22UC5NV55XQLQCS57YUV5E1A5.pcm /Users/baozheng/代码文件/MAC\ 端录音软件/build/DerivedData/ModuleCache.noindex/Metal-9O0MKG5CQHR4MR7WLWKV4BGNG.pcm /Users/baozheng/代码文件/MAC\ 端录音软件/build/DerivedData/ModuleCache.noindex/ObjectiveC-WO17Y20W6G99FRWBZ0RLJDAQ.pcm /Users/baozheng/代码文件/MAC\ 端录音软件/build/DerivedData/ModuleCache.noindex/CUPS-4ELRW4L277MEIN3Y3L2E9VOG0.pcm /Users/baozheng/代码文件/MAC\ 端录音软件/build/DerivedData/ModuleCache.noindex/_DarwinFoundation3-BL7KPOFMUDZDL7C1HQDKMVL0.pcm /Users/baozheng/代码文件/MAC\ 端录音软件/build/DerivedData/ModuleCache.noindex/ptrcheck-E6BWDR80JH2GWCY8KG4ZXZCS0.pcm /Users/baozheng/代码文件/MAC\ 端录音软件/build/DerivedData/ModuleCache.noindex/AppKit-ATM9JE8PPGELRL5XIOTR73QY9.pcm /Users/baozheng/代码文件/MAC\ 端录音软件/build/DerivedData/ModuleCache.noindex/SwiftUICore-2Z1TAZV2NCRXZY9QE64V05Z8T.pcm /Users/baozheng/代码文件/MAC\ 端录音软件/build/DerivedData/ModuleCache.noindex/Symbols-6VPNY52EQN1VUG3BYT5I8V3YM.pcm /Users/baozheng/代码文件/MAC\ 端录音软件/build/DerivedData/ModuleCache.noindex/AVFAudio-C9ZHACO044HNWYOZCED14TTJ.pcm /Users/baozheng/代码文件/MAC\ 端录音软件/build/DerivedData/ModuleCache.noindex/CoreMedia-EO6A61GSOISHN2MFY9MFTEDT1.pcm /Users/baozheng/代码文件/MAC\ 端录音软件/build/DerivedData/ModuleCache.noindex/_Builtin_inttypes-95DHAYRYACJ8H6BGTU2JB7TOG.pcm /Users/baozheng/代码文件/MAC\ 端录音软件/build/DerivedData/ModuleCache.noindex/os-1LFD34N8I12VY9XF5EN4JGMU7.pcm /Users/baozheng/代码文件/MAC\ 端录音软件/build/DerivedData/ModuleCache.noindex/_Builtin_intrinsics-6ORK90KD2OZ0VCCTALIYEGOHU.pcm /Users/baozheng/代码文件/MAC\ 端录音软件/build/DerivedData/ModuleCache.noindex/ApplicationServices-9PRYLFXA7HQ3M9AI36F4MXSOC.pcm /Users/baozheng/代码文件/MAC\ 端录音软件/build/DerivedData/ModuleCache.noindex/os_workgroup-CXTZ6D1S8VE9OW572E7IW16AN.pcm /Users/baozheng/代码文件/MAC\ 端录音软件/build/DerivedData/ModuleCache.noindex/_AvailabilityInternal-1W2A6FASBBNXR04S3SF4U9PX9.pcm /Users/baozheng/代码文件/MAC\ 端录音软件/build/DerivedData/ModuleCache.noindex/_DarwinFoundation2-8VE7SKH7NGXX5KDEBCRLBPSA0.pcm /Users/baozheng/代码文件/MAC\ 端录音软件/build/DerivedData/ModuleCache.noindex/CFNetwork-5633BDEKYJ3JM2FAPYK31MV5P.pcm /Users/baozheng/代码文件/MAC\ 端录音软件/build/DerivedData/ModuleCache.noindex/_DarwinFoundation1-E001DTQT5BIK40R2WUW9QYRYB.pcm /Users/baozheng/代码文件/MAC\ 端录音软件/build/DerivedData/ModuleCache.noindex/OSLog-4NWUL5ZWYJ983OBIS9JWDYMQU.pcm /Users/baozheng/代码文件/MAC\ 端录音软件/build/DerivedData/ModuleCache.noindex/DataDetection-1KENSH7JVZETV2G4MTWNQWE58.pcm /Users/baozheng/代码文件/MAC\ 端录音软件/build/DerivedData/ModuleCache.noindex/DeveloperToolsSupport-PWY5UKAQRGH5O8RC8ELAECWS.pcm /Users/baozheng/代码文件/MAC\ 端录音软件/build/DerivedData/ModuleCache.noindex/_Builtin_tgmath-9PI2GERS1N7UXI5TUNPO1ZIL9.pcm /Users/baozheng/代码文件/MAC\ 端录音软件/build/DerivedData/ModuleCache.noindex/_Builtin_stdbool-F4L53EUPZCFN3F2SC76F8535M.pcm /Users/baozheng/代码文件/MAC\ 端录音软件/build/DerivedData/ModuleCache.noindex/Accessibility-1V7AYWZPUT28VBA8JZ225GW7X.pcm /Users/baozheng/代码文件/MAC\ 端录音软件/build/DerivedData/ModuleCache.noindex/ScreenCaptureKit-6GYZVZ65W5BO4LIFYWYREAQX2.pcm /Users/baozheng/代码文件/MAC\ 端录音软件/build/DerivedData/ModuleCache.noindex/CoreMIDI-E5A6619BU1CEE6X9GVUH0IQZU.pcm /Users/baozheng/代码文件/MAC\ 端录音软件/build/DerivedData/ModuleCache.noindex/os_object-6WR7A47YYV8I8L8X8Y2CIZVBP.pcm /Users/baozheng/代码文件/MAC\ 端录音软件/build/DerivedData/ModuleCache.noindex/MediaToolbox-EMI672SR8J96KBCL2V5IQI6T0.pcm /Users/baozheng/代码文件/MAC\ 端录音软件/build/DerivedData/ModuleCache.noindex/CoreServices-1T2WZFYFIZUNU28JJCV9UCJBZ.pcm /Users/baozheng/代码文件/MAC\ 端录音软件/build/DerivedData/ModuleCache.noindex/Carbon-1ETZBB13DHG9GZ6QCAAJ5Z08Z.pcm /Users/baozheng/代码文件/MAC\ 端录音软件/build/DerivedData/ModuleCache.noindex/launch-ASPEVW0HD00M9I9IGKWY9M7HS.pcm /Users/baozheng/代码文件/MAC\ 端录音软件/build/DerivedData/ModuleCache.noindex/_SwiftConcurrencyShims-7QA41IEIEKZXYLU5J9KVZ4M81.pcm /Users/baozheng/代码文件/MAC\ 端录音软件/build/DerivedData/ModuleCache.noindex/CoreVideo-A7FO2LA2CNMYJOYLS1XZGT3AZ.pcm /Users/baozheng/代码文件/MAC\ 端录音软件/build/DerivedData/ModuleCache.noindex/Security-8N85OP1558HDOQ79P8GZK9SQ0.pcm /Users/baozheng/代码文件/MAC\ 端录音软件/build/DerivedData/ModuleCache.noindex/CoreGraphics-5FUPC4MZX37I1VNRV73LJ9QGI.pcm /Users/baozheng/代码文件/MAC\ 端录音软件/build/DerivedData/ModuleCache.noindex/XPC-1ZHI4EFE0XS8UMBTPVV7JOUM9.pcm /Users/baozheng/代码文件/MAC\ 端录音软件/build/DerivedData/ModuleCache.noindex/CoreImage-A6VY45UOKHPMZFVI61RS0D27W.pcm /Users/baozheng/代码文件/MAC\ 端录音软件/build/DerivedData/ModuleCache.noindex/_Builtin_limits-LOJSS38ZHIE25T89FVB74W1Z.pcm /Users/baozheng/代码文件/MAC\ 端录音软件/build/DerivedData/ModuleCache.noindex/Dispatch-8EWH0NZBEYOP4MDN0GH6PB922.pcm /Users/baozheng/代码文件/MAC\ 端录音软件/build/DerivedData/ModuleCache.noindex/DiskArbitration-7S94UWQ1CDYO6BYCCJODAMSOD.pcm /Users/baozheng/代码文件/MAC\ 端录音软件/build/DerivedData/ModuleCache.noindex/CoreData-7WU0TRUK914DBEDK56Q0LIP25.pcm /Users/baozheng/代码文件/MAC\ 端录音软件/build/DerivedData/ModuleCache.noindex/Darwin-9RPATCD8T830RT7MM6GCB8JJK.pcm /Users/baozheng/代码文件/MAC\ 端录音软件/build/DerivedData/ModuleCache.noindex/_Builtin_stddef-62P8JDTEBEYIQ20HELKOQRFKO.pcm /Users/baozheng/代码文件/MAC\ 端录音软件/build/DerivedData/ModuleCache.noindex/Spatial-2HWYNW5ZHC4S3AR7SHP6QKOWK.pcm /Users/baozheng/代码文件/MAC\ 端录音软件/build/DerivedData/ModuleCache.noindex/_Builtin_stdatomic-B7F5CGF6KEK8YNVJ9ONRFHL1L.pcm /Users/baozheng/代码文件/MAC\ 端录音软件/build/DerivedData/Build/Intermediates.noindex/SwiftExplicitPrecompiledModules/lame-85TMBXGUKE2L89JWSI2DY29A5.pcm /Users/baozheng/代码文件/MAC\ 端录音软件/build/DerivedData/ModuleCache.noindex/CoreText-40QNE2IO0KTH6VR2647XC7MM2.pcm /Users/baozheng/代码文件/MAC\ 端录音软件/build/DerivedData/ModuleCache.noindex/libkern-1UH965UNTUOAHCOH9KT9CHGDQ.pcm /Users/baozheng/代码文件/MAC\ 端录音软件/build/DerivedData/ModuleCache.noindex/MachO-5LPYQFKED9IE5M7M8EWGZS6SZ.pcm /Users/baozheng/代码文件/MAC\ 端录音软件/build/DerivedData/ModuleCache.noindex/IOKit-B9F047O6A3C4204GFRD4SEZAC.pcm /Users/baozheng/代码文件/MAC\ 端录音软件/build/DerivedData/ModuleCache.noindex/_Builtin_stdint-CK21TWQD50YZ310CTQA025JGM.pcm /Users/baozheng/代码文件/MAC\ 端录音软件/build/DerivedData/ModuleCache.noindex/ServiceManagement-EYKBIKYC4I8CRK6KITLXNIKA2.pcm /Users/baozheng/代码文件/MAC\ 端录音软件/build/DerivedData/ModuleCache.noindex/libDER-36808ARCHPG2D2M8J2JWDUP8M.pcm /Users/baozheng/代码文件/MAC\ 端录音软件/build/DerivedData/ModuleCache.noindex/UniformTypeIdentifiers-6WI8K3AKC0UPIYC6UIM2JJEXQ.pcm /Users/baozheng/代码文件/MAC\ 端录音软件/build/DerivedData/ModuleCache.noindex/IOSurface-EMFW02JUAI84Y56662WUGIUXH.pcm /Users/baozheng/代码文件/MAC\ 端录音软件/build/DerivedData/Build/Intermediates.noindex/SimpleRecorder.build/Release/SimpleRecorder.build/Objects-normal/arm64/SimpleRecorder-dependencies-1.json (in target 'SimpleRecorder' from project 'SimpleRecorder')
	Building project SimpleRecorder with scheme SimpleRecorder and configuration Release
(3 failures)
